// Jest Snapshot v1, https://goo.gl/fbAQLP

exports[`Map Map component should render correctly 1`] = `
<section
  className="cities__map map"
/>
`;
